
> maximus-engagimus@1.0.0 test
> vitest --environment jsdom --run


[7m[1m[36m RUN [39m[22m[27m [36mv1.6.1[39m [90mC:/Users/eddie/Google Drive/Maximus Digital Marketing/Maximus Engagimus/src[39m

node.exe : [90mstderr[2m | 
layout/__tests__/Header.test.jsx[2m > [22m[2mHeader 
theme toggle[2m > [22m[2mtoggles dark class on 
documentElement and persists to localStorage[22m[39m
At line:1 char:1
+ & "C:\Program Files\nodejs/node.exe" "C:\Program 
Files\nodejs/node_mo ...
+ ~~~~~~~~~~~~~~~~~~~~~~~~~~~~~~~~~~~~~~~~~~~~~~~~~~~~~~~~~
~~~~~~~~~~~~
    + CategoryInfo          : NotSpecified: ([90mstderr[ 
   2m...orage[22m[39m:String) [], RemoteException
    + FullyQualifiedErrorId : NativeCommandError
 
ΓÜá∩╕Å React Router Future Flag Warning: React Router will 
begin wrapping state updates in `React.startTransition` in 
v7. You can use the `v7_startTransition` future flag to 
opt-in early. For more information, see https://reactrouter
.com/v6/upgrading/future#v7_starttransition.
ΓÜá∩╕Å React Router Future Flag Warning: Relative route 
resolution within Splat routes is changing in v7. You can 
use the `v7_relativeSplatPath` future flag to opt-in 
early. For more information, see https://reactrouter.com/v6
/upgrading/future#v7_relativesplatpath.

 [32mΓ£ô[39m layout/__tests__/Header.test.jsx [2m ([22m[2m1 test[22m[2m)[22m[33m 436[2mms[22m[39m
 [32mΓ£ô[39m pages/__tests__/Login.test.jsx [2m ([22m[2m2 tests[22m[2m)[22m[33m 530[2mms[22m[39m
 [32mΓ£ô[39m components/ui/__tests__/Button.states.test.jsx [2m ([22m[2m2 tests[22m[2m)[22m[90m 209[2mms[22m[39m
 [32mΓ£ô[39m components/ui/__tests__/Button.test.jsx [2m ([22m[2m3 tests[22m[2m)[22m[33m 383[2mms[22m[39m
 [32mΓ£ô[39m components/ui/__tests__/Modal.test.jsx [2m ([22m[2m4 tests[22m[2m)[22m[90m 223[2mms[22m[39m
[90mstderr[2m | 
pages/__tests__/OrganizationTab.test.jsx[2m > 
[22m[2mOrganization Team Members[2m > [22m[2mallows 
an owner to change another member role[22m[39m
ΓÜá∩╕Å React Router Future Flag Warning: React Router will 
begin wrapping state updates in `React.startTransition` in 
v7. You can use the `v7_startTransition` future flag to 
opt-in early. For more information, see https://reactrouter
.com/v6/upgrading/future#v7_starttransition.
ΓÜá∩╕Å React Router Future Flag Warning: Relative route 
resolution within Splat routes is changing in v7. You can 
use the `v7_relativeSplatPath` future flag to opt-in 
early. For more information, see https://reactrouter.com/v6
/upgrading/future#v7_relativesplatpath.

 [33mΓ¥»[39m pages/__tests__/OrganizationTab.test.jsx [2m ([22m[2m2 tests[22m [2m|[22m [31m2 failed[39m[2m)[22m[33m 1103[2mms[22m[39m
[31m   [33mΓ¥»[31m pages/__tests__/OrganizationTab.test.jsx[2m > [22mOrganization Team Members[2m > [22mallows an owner to change another member role[39m
[31m     ΓåÆ Unable to find an element with the text: member@example.com. This could be because the text is broken up by multiple elements. In this case, you can provide a function for your text matcher to make your matcher more flexible.

Ignored nodes: comments, script, style
[36m<body>[31m
  [36m<div>[31m
    [36m<div[31m
      [33mclass[31m=[32m"space-y-6"[31m
    [36m>[31m
      [36m<div>[31m
        [36m<h1[31m
          [33mclass[31m=[32m"text-2xl font-bold text-gray-900"[31m
        [36m>[31m
          [0mSettings[0m
        [36m</h1>[31m
        [36m<p[31m
          [33mclass[31m=[32m"text-gray-600 dark:text-gray-300 mt-1"[31m
        [36m>[31m
          [0mManage your AI providers, prompts, and account settings[0m
        [36m</p>[31m
      [36m</div>[31m
      [36m<div[31m
        [33mclass[31m=[32m"border-b border-gray-200"[31m
      [36m>[31m
        [36m<nav[31m
          [33mclass[31m=[32m"flex gap-4 -mb-px"[31m
        [36m>[31m
          [36m<button[31m
            [33mclass[31m=[32m"
                flex items-center gap-2 px-1 py-3 text-sm font-medium border-b-2 transition-colors
                border-transparent text-gray-500 hover:text-gray-700 hover:border-gray-300
              "[31m
          [36m>[31m
            [36m<svg[31m
              [33mclass[31m=[32m"lucide lucide-bot h-4 w-4"[31m
              [33mfill[31m=[32m"none"[31m
              [33mheight[31m=[32m"24"[31m
              [33mstroke[31m=[32m"currentColor"[31m
              [33mstroke-linecap[31m=[32m"round"[31m
              [33mstroke-linejoin[31m=[32m"round"[31m
              [33mstroke-width[31m=[32m"2"[31m
              [33mviewBox[31m=[32m"0 0 24 24"[31m
              [33mwidth[31m=[32m"24"[31m
              [33mxmlns[31m=[32m"http://www.w3.org/2000/svg"[31m
            [36m>[31m
              [36m<path[31m
                [33md[31m=[32m"M12 8V4H8"[31m
              [36m/>[31m
              [36m<rect[31m
                [33mheight[31m=[32m"12"[31m
                [33mrx[31m=[32m"2"[31m
                [33mwidth[31m=[32m"16"[31m
                [33mx[31m=[32m"4"[31m
                [33my[31m=[32m"8"[31m
              [36m/>[31m
              [36m<path[31m
                [33md[31m=[32m"M2 14h2"[31m
              [36m/>[31m
              [36m<path[31m
                [33md[31m=[32m"M20 14h2"[31m
              [36m/>[31m
              [36m<path[31m
                [33md[31m=[32m"M15 13v2"[31m
              [36m/>[31m
              [36m<path[31m
                [33md[31m=[32m"M9 13v2"[31m
              [36m/>[31m
            [36m</svg>[31m
            [0mAI Providers[0m
          [36m</button>[31m
          [36m<button[31m
            [33mclass[31m=[32m"
                flex items-center gap-2 px-1 py-3 text-sm font-medium border-b-2 transition-colors
                border-transparent text-gray-500 hover:text-gray-700 hover:border-gray-300
              "[31m
          [36m>[31m
            [36m<svg[31m
              [33mclass[31m=[32m"lucide lucide-message-square h-4 w-4"[31m
              [33mfill[31m=[32m"none"[31m
              [33mheight[31m=[32m"24"[31m
              [33mstroke[31m=[32m"currentColor"[31m
              [33mstroke-linecap[31m=[32m"round"[31m
              [33mstroke-linejoin[31m=[32m"round"[31m
              [33mstroke-width[31m=[32m"2"[31m
              [33mviewBox[31m=[32m"0 0 24 24"[31m
              [33mwidth[31m=[32m"24"[31m
              [33mxmlns[31m=[32m"http://www.w3.org/2000/svg"[31m
            [36m>[31m
              [36m<path[31m
                [33md[31m=[32m"M21 15a2 2 0 0 1-2 2H7l-4 4V5a2 2 0 0 1 2-2h14a2 2 0 0 1 2 2z"[31m
              [36m/>[31m
            [36m</svg>[31m
            [0mPlatform Prompts[0m
          [36m</button>[31m
          [36m<button[31m
            [33mclass[31m=[32m"
                flex items-center gap-2 px-1 py-3 text-sm font-medium border-b-2 transition-colors
                border-transparent text-gray-500 hover:text-gray-700 hover:border-gray-300
              "[31m
          [36m>[31m
            [36m<svg[31m
              [33mclass[31m=[32m"lucide lucide-user h-4 w-4"[31m
              [33mfill[31m=[32m"none"[31m
              [33mheight[31m=[32m"24"[31m
              [33mstroke[31m=[32m"currentColor"[31m
              [33mstroke-linecap[31m=[32m"round"[31m
              [33mstroke-linejoin[31m=[32m"round"[31m
              [33mstroke-width[31m=[32m"2"[31m
              [33mviewBox[31m=[32m"0 0 24 24"[31m
              [33mwidth[31m=[32m"24"[31m
              [33mxmlns[31m=[32m"http://www.w3.org/2000/svg"[31m
            [36m>[31m
              [36m<path[31m
                [33md[31m=[32m"M19 21v-2a4 4 0 0 0-4-4H9a4 4 0 0 0-4 4v2"[31m
              [36m/>[31m
              [36m<circle[31m
                [33mcx[31m=[32m"12"[31m
                [33mcy[31m=[32m"7"[31m
                [33mr[31m=[32m"4"[31m
              [36m/>[31m
            [36m</svg>[31m
            [0mProfile[0m
          [36m</button>[31m
          [36m<button[31m
            [33mclass[31m=[32m"
                flex items-center gap-2 px-1 py-3 text-sm font-medium border-b-2 transition-colors
                border-primary-500 text-primary-600
              "[31m
          [36m>[31m
            [36m<svg[31m
              [33mclass[31m=[32m"lucide lucide-building h-4 w-4"[31m
              [33mfill[31m=[32m"none"[31m
              [33mheight[31m=[32m"24"[31m
              [33mstroke[31m=[32m"currentColor"[31m
              [33mstroke-linecap[31m=[32m"round"[31m
              [33mstroke-linejoin[31m=[32m"round"[31m
              [33mstroke-width[31m=[32m"2"[31m
              [33mviewBox[31m=[32m"0 0 24 24"[31m
              [33mwidth[31m=[32m"24"[31m
              [33mxmlns[31m=[32m"http://www.w3.org/2000/svg"[31m
            [36m>[31m
              [36m<rect[31m
                [33mheight[31m=[32m"20"[31m
                [33mrx[31m=[32m"2"[31m
                [33mry[31m=[32m"2"[31m
                [33mwidth[31m=[32m"16"[31m
                [33mx[31m=[32m"4"[31m
                [33my[31m=[32m"2"[31m
              [36m/>[31m
              [36m<path[31m
                [33md[31m=[32m"M9 22v-4h6v4"[31m
              [36m/>[31m
              [36m<path[31m
                [33md[31m=[32m"M8 6h.01"[31m
              [36m/>[31m
              [36m<path[31m
                [33md[31m=[32m"M16 6h.01"[31m
              [36m/>[31m
              [36m<path[31m
                [33md[31m=[32m"M12 6h.01"[31m
              [36m/>[31m
              [36m<path[31m
                [33md[31m=[32m"M12 10h.01"[31m
              [36m/>[31m
              [36m<path[31m
                [33md[31m=[32m"M12 14h.01"[31m
              [36m/>[31m
              [36m<path[31m
                [33md[31m=[32m"M16 10h.01"[31m
              [36m/>[31m
              [36m<path[31m
                [33md[31m=[32m"M16 14h.01"[31m
              [36m/>[31m
              [36m<path[31m
                [33md[31m=[32m"M8 10h.01"[31m
              [36m/>[31m
              [36m<path[31m
                [33md[31m=[32m"M8 14h.01"[31m
              [36m/>[31m
            [36m</svg>[31m
            [0mOrganization[0m
          [36m</button>[31m
        [36m</nav>[31m
      [36m</div>[31m
      [36m<div[31m
        [33mclass[31m=[32m"max-w-xl space-y-6"[31m
      [36m>[31m
        [36m<div>[31m
          [36m<h2[31m
            [33mclass[31m=[32m"text-lg font-semibold"[31m
          [36m>[31m
            [0mOrganization[0m
          [36m</h2>[31m
          [36m<p[31m
            [33mclass[31m=[32m"text-sm text-gray-600 mt-1"[31m
          [36m>[31m
            [0mManage your organization settings[0m
          [36m</p>[31m
        [36m</div>[31m
        [36m<div[31m
          [33mclass[31m=[32m"
        bg-white dark:bg-[var(--card)] rounded-lg border border-gray-200 dark:border-gray-700 shadow-sm
        p-4 sm:p-6
        
        
        
      "[31m
        [36m>[31m
          [36m<div[31m
            [33mclass[31m=[32m"space-y-4"[31m
          [36m>[31m
            [36m<div[31m
              [33mclass[31m=[32m"w-full "[31m
            [36m>[31m
              [36m<label[31m
                [33mclass[31m=[32m"block text-sm font-medium text-gray-700 mb-1"[31m
              [36m>[31m
                [0mOrganization Name[0m
              [36m</label>[31m
              [36m<div[31m
                [33mclass[31m=[32m"relative"[31m
              [36m>[31m
                [36m<input[31m
                  [33maria-describedby[31m=[32m"undefined-helper"[31m
                  [33maria-invalid[31m=[32m"false"[31m
                  [33mclass[31m=[32m"
            block border rounded-md shadow-sm
            placeholder-gray-400
            focus:outline-none focus:ring-2 focus:ring-offset-0
            disabled:bg-gray-100 disabled:cursor-not-allowed
            transition-colors duration-200
            dark:bg-[var(--card-soft)] dark:border-gray-700 dark:text-gray-200
            shadow-sm
            px-3 py-2 text-sm
            w-full
            
            
            border-gray-300 focus:ring-primary-500 focus:border-primary-500
            
          "[31m
                  [33mdisabled[31m=[32m""[31m
                  [33mvalue[31m=[32m""[31m
                [36m/>[31m
              [36m</div>[31m
              [36m<p[31m
                [33mclass[31m=[32m"mt-1 text-sm text-gray-500"[31m
                [33mid[31m=[32m"undefined-helper"[31m
              [36m>[31m
                [0mContact support to change your organization name[0m
              [36m</p>[31m
            [36m</div>[31m
            [36m<div[31m
              [33mclass[31m=[32m"w-full "[31m
            [36m>[31m
              [36m<label[31m
                [33mclass[31m=[32m"block text-sm font-medium text-gray-700 mb-1"[31m
              [36m>[31m
                [0mOrganization ID[0m
              [36m</label>[31m
              [36m<div[31m
                [33mclass[31m=[32m"relative"[31m
              [36m>[31m
                [36m<input[31m
                  [33maria-invalid[31m=[32m"false"[31m
                  [33mclass[31m=[32m"
            block border rounded-md shadow-sm
            placeholder-gray-400
            focus:outline-none focus:ring-2 focus:ring-offset-0
            disabled:bg-gray-100 disabled:cursor-not-allowed
            transition-colors duration-200
            dark:bg-[var(--card-soft)] dark:border-gray-700 dark:text-gray-200
            shadow-sm
            px-3 py-2 text-sm
            w-full
            
            
            border-gray-300 focus:ring-primary-500 focus:border-primary-500
            font-mono text-sm
          "[31m
                  [33mdisabled[31m=[32m""[31m
                  [33mvalue[31m=[32m""[31m
                [36m/>[31m
              [36m</div>[31m
            [36m</div>[31m
          [36m</div>[31m
        [36m</div>[31m
        [36m<div[31m
          [33mclass[31m=[32m"
        bg-white dark:bg-[var(--card)] rounded-lg border border-gray-200 dark:border-gray-700 shadow-sm
        p-4 sm:p-6
        
        
        
      "[31m
        [36m>[31m
          [36m<div[31m
            [33mclass[31m=[32m"
        flex items-center justify-between
        pb-4 mb-4 border-b border-gray-200
        
      "[31m
          [36m>[31m
            [36m<div[31m
              [33mclass[31m=[32m"flex-1"[31m
            [36m>[31m
              [36m<h3[31m
                [33mclass[31m=[32m"text-lg font-semibold text-gray-900 dark:text-gray-100 "[31m
              [36m>[31m
                [0mTeam Members[0m
              [36m</h3>[31m
              [36m<p[31m
                [33mclass[31m=[32m"text-sm text-gray-500 dark:text-gray-300 mt-1 "[31m
              [36m>[31m
                [0mManage who has access to your organization[0m
              [36m</p>[31m
            [36m</div>[31m
          [36m</div>[31m
          [36m<p[31m
            [33mclass[31m=[32m"text-sm text-gray-500"[31m
          [36m>[31m
            [0mTeam management coming soon. Currently supports up to 5 team members.[0m
          [36m</p>[31m
        [36m</div>[31m
      [36m</div>[31m
    [36m</div>[31m
  [36m</div>[31m
[36m</body>[31m

Ignored nodes: comments, script, style
[36m<body>[31m
  [36m<div>[31m
    [36m<div[31m
      [33mclass[31m=[32m"space-y-6"[31m
    [36m>[31m
      [36m<div>[31m
        [36m<h1[31m
          [33mclass[31m=[32m"text-2xl font-bold text-gray-900"[31m
        [36m>[31m
          [0mSettings[0m
        [36m</h1>[31m
        [36m<p[31m
          [33mclass[31m=[32m"text-gray-600 dark:text-gray-300 mt-1"[31m
        [36m>[31m
          [0mManage your AI providers, prompts, and account settings[0m
        [36m</p>[31m
      [36m</div>[31m
      [36m<div[31m
        [33mclass[31m=[32m"border-b border-gray-200"[31m
      [36m>[31m
        [36m<nav[31m
          [33mclass[31m=[32m"flex gap-4 -mb-px"[31m
        [36m>[31m
          [36m<button[31m
            [33mclass[31m=[32m"
                flex items-center gap-2 px-1 py-3 text-sm font-medium border-b-2 transition-colors
                border-transparent text-gray-500 hover:text-gray-700 hover:border-gray-300
              "[31m
          [36m>[31m
            [36m<svg[31m
              [33mclass[31m=[32m"lucide lucide-bot h-4 w-4"[31m
              [33mfill[31m=[32m"none"[31m
              [33mheight[31m=[32m"24"[31m
              [33mstroke[31m=[32m"currentColor"[31m
              [33mstroke-linecap[31m=[32m"round"[31m
              [33mstroke-linejoin[31m=[32m"round"[31m
              [33mstroke-width[31m=[32m"2"[31m
              [33mviewBox[31m=[32m"0 0 24 24"[31m
              [33mwidth[31m=[32m"24"[31m
              [33mxmlns[31m=[32m"http://www.w3.org/2000/svg"[31m
            [36m>[31m
              [36m<path[31m
                [33md[31m=[32m"M12 8V4H8"[31m
              [36m/>[31m
              [36m<rect[31m
                [33mheight[31m=[32m"12"[31m
                [33mrx[31m=[32m"2"[31m
                [33mwidth[31m=[32m"16"[31m
                [33mx[31m=[32m"4"[31m
                [33my[31m=[32m"8"[31m
              [36m/>[31m
              [36m<path[31m
                [33md[31m=[32m"M2 14h2"[31m
              [36m/>[31m
              [36m<path[31m
                [33md[31m=[32m"M20 14h2"[31m
              [36m/>[31m
              [36m<path[31m
                [33md[31m=[32m"M15 13v2"[31m
              [36m/>[31m
              [36m<path[31m
                [33md[31m=[32m"M9 13v2"[31m
              [36m/>[31m
            [36m</svg>[31m
            [0mAI Providers[0m
          [36m</button>[31m
          [36m<button[31m
            [33mclass[31m=[32m"
                flex items-center gap-2 px-1 py-3 text-sm font-medium border-b-2 transition-colors
                border-transparent text-gray-500 hover:text-gray-700 hover:border-gray-300
              "[31m
          [36m>[31m
            [36m<svg[31m
              [33mclass[31m=[32m"lucide lucide-message-square h-4 w-4"[31m
              [33mfill[31m=[32m"none"[31m
              [33mheight[31m=[32m"24"[31m
              [33mstroke[31m=[32m"currentColor"[31m
              [33mstroke-linecap[31m=[32m"round"[31m
              [33mstroke-linejoin[31m=[32m"round"[31m
              [33mstroke-width[31m=[32m"2"[31m
              [33mviewBox[31m=[32m"0 0 24 24"[31m
              [33mwidth[31m=[32m"24"[31m
              [33mxmlns[31m=[32m"http://www.w3.org/2000/svg"[31m
            [36m>[31m
              [36m<path[31m
                [33md[31m=[32m"M21 15a2 2 0 0 1-2 2H7l-4 4V5a2 2 0 0 1 2-2h14a2 2 0 0 1 2 2z"[31m
              [36m/>[31m
            [36m</svg>[31m
            [0mPlatform Prompts[0m
          [36m</button>[31m
          [36m<button[31m
            [33mclass[31m=[32m"
                flex items-center gap-2 px-1 py-3 text-sm font-medium border-b-2 transition-colors
                border-transparent text-gray-500 hover:text-gray-700 hover:border-gray-300
              "[31m
          [36m>[31m
            [36m<svg[31m
              [33mclass[31m=[32m"lucide lucide-user h-4 w-4"[31m
              [33mfill[31m=[32m"none"[31m
              [33mheight[31m=[32m"24"[31m
              [33mstroke[31m=[32m"currentColor"[31m
              [33mstroke-linecap[31m=[32m"round"[31m
              [33mstroke-linejoin[31m=[32m"round"[31m
              [33mstroke-width[31m=[32m"2"[31m
              [33mviewBox[31m=[32m"0 0 24 24"[31m
              [33mwidth[31m=[32m"24"[31m
              [33mxmlns[31m=[32m"http://www.w3.org/2000/svg"[31m
            [36m>[31m
              [36m<path[31m
                [33md[31m=[32m"M19 21v-2a4 4 0 0 0-4-4H9a4 4 0 0 0-4 4v2"[31m
              [36m/>[31m
              [36m<circle[31m
                [33mcx[31m=[32m"12"[31m
                [33mcy[31m=[32m"7"[31m
                [33mr[31m=[32m"4"[31m
              [36m/>[31m
            [36m</svg>[31m
            [0mProfile[0m
          [36m</button>[31m
          [36m<button[31m
            [33mclass[31m=[32m"
                flex items-center gap-2 px-1 py-3 text-sm font-medium border-b-2 transition-colors
                border-primary-500 text-primary-600
              "[31m
          [36m>[31m
            [36m<svg[31m
              [33mclass[31m=[32m"lucide lucide-building h-4 w-4"[31m
              [33mfill[31m=[32m"none"[31m
              [33mheight[31m=[32m"24"[31m
              [33mstroke[31m=[32m"currentColor"[31m
              [33mstroke-linecap[31m=[32m"round"[31m
              [33mstroke-linejoin[31m=[32m"round"[31m
              [33mstroke-width[31m=[32m"2"[31m
              [33mviewBox[31m=[32m"0 0 24 24"[31m
              [33mwidth[31m=[32m"24"[31m
              [33mxmlns[31m=[32m"http://www.w3.org/2000/svg"[31m
            [36m>[31m
              [36m<rect[31m
                [33mheight[31m=[32m"20"[31m
                [33mrx[31m=[32m"2"[31m
                [33mry[31m=[32m"2"[31m
                [33mwidth[31m=[32m"16"[31m
                [33mx[31m=[32m"4"[31m
                [33my[31m=[32m"2"[31m
              [36m/>[31m
              [36m<path[31m
                [33md[31m=[32m"M9 22v-4h6v4"[31m
              [36m/>[31m
              [36m<path[31m
                [33md[31m=[32m"M8 6h.01"[31m
              [36m/>[31m
              [36m<path[31m
                [33md[31m=[32m"M16 6h.01"[31m
              [36m/>[31m
              [36m<path[31m
                [33md[31m=[32m"M12 6h.01"[31m
              [36m/>[31m
              [36m<path[31m
                [33md[31m=[32m"M12 10h.01"[31m
              [36m/>[31m
              [36m<path[31m
                [33md[31m=[32m"M12 14h.01"[31m
              [36m/>[31m
              [36m<path[31m
                [33md[31m=[32m"M16 10h.01"[31m
              [36m/>[31m
              [36m<path[31m
                [33md[31m=[32m"M16 14h.01"[31m
              [36m/>[31m
              [36m<path[31m
                [33md[31m=[32m"M8 10h.01"[31m
              [36m/>[31m
              [36m<path[31m
                [33md[31m=[32m"M8 14h.01"[31m
              [36m/>[31m
            [36m</svg>[31m
            [0mOrganization[0m
          [36m</button>[31m
        [36m</nav>[31m
      [36m</div>[31m
      [36m<div[31m
        [33mclass[31m=[32m"max-w-xl space-y-6"[31m
      [36m>[31m
        [36m<div>[31m
          [36m<h2[31m
            [33mclass[31m=[32m"text-lg font-semibold"[31m
          [36m>[31m
            [0mOrganization[0m
          [36m</h2>[31m
          [36m<p[31m
            [33mclass[31m=[32m"text-sm text-gray-600 mt-1"[31m
          [36m>[31m
            [0mManage your organization settings[0m
          [36m</p>[31m
        [36m</div>[31m
        [36m<div[31m
          [33mclass[31m=[32m"
        bg-white dark:bg-[var(--card)] rounded-lg border border-gray-200 dark:border-gray-700 shadow-sm
        p-4 sm:p-6
        
        
        
      "[31m
        [36m>[31m
          [36m<div[31m
            [33mclass[31m=[32m"space-y-4"[31m
          [36m>[31m
            [36m<div[31m
              [33mclass[31m=[32m"w-full "[31m
            [36m>[31m
              [36m<label[31m
                [33mclass[31m=[32m"block text-sm font-medium text-gray-700 mb-1"[31m
              [36m>[31m
                [0mOrganization Name[0m
              [36m</label>[31m
              [36m<div[31m
                [33mclass[31m=[32m"relative"[31m
              [36m>[31m
                [36m<input[31m
                  [33maria-describedby[31m=[32m"undefined-helper"[31m
                  [33maria-invalid[31m=[32m"false"[31m
                  [33mclass[31m=[32m"
            block border rounded-md shadow-sm
            placeholder-gray-400
            focus:outline-none focus:ring-2 focus:ring-offset-0
            disabled:bg-gray-100 disabled:cursor-not-allowed
            transition-colors duration-200
            dark:bg-[var(--card-soft)] dark:border-gray-700 dark:text-gray-200
            shadow-sm
            px-3 py-2 text-sm
            w-full
            
            
            border-gray-300 focus:ring-primary-500 focus:border-primary-500
            
          "[31m
                  [33mdisabled[31m=[32m""[31m
                  [33mvalue[31m=[32m""[31m
                [36m/>[31m
              [36m</div>[31m
              [36m<p[31m
                [33mclass[31m=[32m"mt-1 text-sm text-gray-500"[31m
                [33mid[31m=[32m"undefined-helper"[31m
              [36m>[31m
                [0mContact support to change your organization name[0m
              [36m</p>[31m
            [36m</div>[31m
            [36m<div[31m
              [33mclass[31m=[32m"w-full "[31m
            [36m>[31m
              [36m<label[31m
                [33mclass[31m=[32m"block text-sm font-medium text-gray-700 mb-1"[31m
              [36m>[31m
                [0mOrganization ID[0m
              [36m</label>[31m
              [36m<div[31m
                [33mclass[31m=[32m"relative"[31m
              [36m>[31m
                [36m<input[31m
                  [33maria-invalid[31m=[32m"false"[31m
                  [33mclass[31m=[32m"
            block border rounded-md shadow-sm
            placeholder-gray-400
            focus:outline-none focus:ring-2 focus:ring-offset-0
            disabled:bg-gray-100 disabled:cursor-not-allowed
            transition-colors duration-200
            dark:bg-[var(--card-soft)] dark:border-gray-700 dark:text-gray-200
            shadow-sm
            px-3 py-2 text-sm
            w-full
            
            
            border-gray-300 focus:ring-primary-500 focus:border-primary-500
            font-mono text-sm
          "[31m
                  [33mdisabled[31m=[32m""[31m
                  [33mvalue[31m=[32m""[31m
                [36m/>[31m
              [36m</div>[31m
            [36m</div>[31m
          [36m</div>[31m
        [36m</div>[31m
        [36m<div[31m
          [33mclass[31m=[32m"
        bg-white dark:bg-[var(--card)] rounded-lg border border-gray-200 dark:border-gray-700 shadow-sm
        p-4 sm:p-6
        
        
        
      "[31m
        [36m>[31m
          [36m<div[31m
            [33mclass[31m=[32m"
        flex items-center justify-between
        pb-4 mb-4 border-b border-gray-200
        
      "[31m
          [36m>[31m
            [36m<div[31m
              [33mclass[31m=[32m"flex-1"[31m
            [36m>[31m
              [36m<h3[31m
                [33mclass[31m=[32m"text-lg font-semibold text-gray-900 dark:text-gray-100 "[31m
              [36m>[31m
                [0mTeam Members[0m
              [36m</h3>[31m
              [36m<p[31m
                [33mclass[31m=[32m"text-sm text-gray-500 dark:text-gray-300 mt-1 "[31m
              [36m>[31m
                [0mManage who has access to your organization[0m
              [36m</p>[31m
            [36m</div>[31m
          [36m</div>[31m
          [36m<p[31m
            [33mclass[31m=[32m"text-sm text-gray-500"[31m
          [36m>[31m
            [0mTeam management coming soon. Currently supports up to 5 team members.[0m
          [36m</p>[31m
        [36m</div>[31m
      [36m</div>[31m
    [36m</div>[31m
  [36m</div>[31m
[36m</body>[31m[39m
[31m   [33mΓ¥»[31m pages/__tests__/OrganizationTab.test.jsx[2m > [22mOrganization Team Members[2m > [22mallows an owner to remove a member[39m
[31m     ΓåÆ Unexpected token '!=='[39m

[31mΓÄ»ΓÄ»ΓÄ»ΓÄ»ΓÄ»ΓÄ»ΓÄ»[1m[7m Failed Tests 2 
[27m[22mΓÄ»ΓÄ»ΓÄ»ΓÄ»ΓÄ»ΓÄ»ΓÄ»[39m

[31m[1m[7m FAIL [27m[22m[39m 
pages/__tests__/OrganizationTab.test.jsx[2m > 
[22mOrganization Team Members[2m > [22mallows an owner 
to change another member role
[31m[1mTestingLibraryElementError[22m[39m: Unable to 
find an element with the text: member@example.com. This 
could be because the text is broken up by multiple 
elements. In this case, you can provide a function for 
your text matcher to make your matcher more flexible.

Ignored nodes: comments, script, style
[36m<body>[39m
  [36m<div>[39m
    [36m<div[39m
      [33mclass[39m=[32m"space-y-6"[39m
    [36m>[39m
      [36m<div>[39m
        [36m<h1[39m
          [33mclass[39m=[32m"text-2xl font-bold 
text-gray-900"[39m
        [36m>[39m
          [0mSettings[0m
        [36m</h1>[39m
        [36m<p[39m
          [33mclass[39m=[32m"text-gray-600 
dark:text-gray-300 mt-1"[39m
        [36m>[39m
          [0mManage your AI providers, prompts, and 
account settings[0m
        [36m</p>[39m
      [36m</div>[39m
      [36m<div[39m
        [33mclass[39m=[32m"border-b 
border-gray-200"[39m
      [36m>[39m
        [36m<nav[39m
          [33mclass[39m=[32m"flex gap-4 -mb-px"[39m
        [36m>[39m
          [36m<button[39m
            [33mclass[39m=[32m"
                flex items-center gap-2 px-1 py-3 text-sm 
font-medium border-b-2 transition-colors
                border-transparent text-gray-500 
hover:text-gray-700 hover:border-gray-300
              "[39m
          [36m>[39m
            [36m<svg[39m
              [33mclass[39m=[32m"lucide lucide-bot h-4 
w-4"[39m
              [33mfill[39m=[32m"none"[39m
              [33mheight[39m=[32m"24"[39m
              [33mstroke[39m=[32m"currentColor"[39m
              [33mstroke-linecap[39m=[32m"round"[39m
              [33mstroke-linejoin[39m=[32m"round"[39m
              [33mstroke-width[39m=[32m"2"[39m
              [33mviewBox[39m=[32m"0 0 24 24"[39m
              [33mwidth[39m=[32m"24"[39m
              
[33mxmlns[39m=[32m"http://www.w3.org/2000/svg"[39m
            [36m>[39m
              [36m<path[39m
                [33md[39m=[32m"M12 8V4H8"[39m
              [36m/>[39m
              [36m<rect[39m
                [33mheight[39m=[32m"12"[39m
                [33mrx[39m=[32m"2"[39m
                [33mwidth[39m=[32m"16"[39m
                [33mx[39m=[32m"4"[39m
                [33my[39m=[32m"8"[39m
              [36m/>[39m
              [36m<path[39m
                [33md[39m=[32m"M2 14h2"[39m
              [36m/>[39m
              [36m<path[39m
                [33md[39m=[32m"M20 14h2"[39m
              [36m/>[39m
              [36m<path[39m
                [33md[39m=[32m"M15 13v2"[39m
              [36m/>[39m
              [36m<path[39m
                [33md[39m=[32m"M9 13v2"[39m
              [36m/>[39m
            [36m</svg>[39m
            [0mAI Providers[0m
          [36m</button>[39m
          [36m<button[39m
            [33mclass[39m=[32m"
                flex items-center gap-2 px-1 py-3 text-sm 
font-medium border-b-2 transition-colors
                border-transparent text-gray-500 
hover:text-gray-700 hover:border-gray-300
              "[39m
          [36m>[39m
            [36m<svg[39m
              [33mclass[39m=[32m"lucide 
lucide-message-square h-4 w-4"[39m
              [33mfill[39m=[32m"none"[39m
              [33mheight[39m=[32m"24"[39m
              [33mstroke[39m=[32m"currentColor"[39m
              [33mstroke-linecap[39m=[32m"round"[39m
              [33mstroke-linejoin[39m=[32m"round"[39m
              [33mstroke-width[39m=[32m"2"[39m
              [33mviewBox[39m=[32m"0 0 24 24"[39m
              [33mwidth[39m=[32m"24"[39m
              
[33mxmlns[39m=[32m"http://www.w3.org/2000/svg"[39m
            [36m>[39m
              [36m<path[39m
                [33md[39m=[32m"M21 15a2 2 0 0 1-2 
2H7l-4 4V5a2 2 0 0 1 2-2h14a2 2 0 0 1 2 2z"[39m
              [36m/>[39m
            [36m</svg>[39m
            [0mPlatform Prompts[0m
          [36m</button>[39m
          [36m<button[39m
            [33mclass[39m=[32m"
                flex items-center gap-2 px-1 py-3 text-sm 
font-medium border-b-2 transition-colors
                border-transparent text-gray-500 
hover:text-gray-700 hover:border-gray-300
              "[39m
          [36m>[39m
            [36m<svg[39m
              [33mclass[39m=[32m"lucide lucide-user h-4 
w-4"[39m
              [33mfill[39m=[32m"none"[39m
              [33mheight[39m=[32m"24"[39m
              [33mstroke[39m=[32m"currentColor"[39m
              [33mstroke-linecap[39m=[32m"round"[39m
              [33mstroke-linejoin[39m=[32m"round"[39m
              [33mstroke-width[39m=[32m"2"[39m
              [33mviewBox[39m=[32m"0 0 24 24"[39m
              [33mwidth[39m=[32m"24"[39m
              
[33mxmlns[39m=[32m"http://www.w3.org/2000/svg"[39m
            [36m>[39m
              [36m<path[39m
                [33md[39m=[32m"M19 21v-2a4 4 0 0 
0-4-4H9a4 4 0 0 0-4 4v2"[39m
              [36m/>[39m
              [36m<circle[39m
                [33mcx[39m=[32m"12"[39m
                [33mcy[39m=[32m"7"[39m
                [33mr[39m=[32m"4"[39m
              [36m/>[39m
            [36m</svg>[39m
            [0mProfile[0m
          [36m</button>[39m
          [36m<button[39m
            [33mclass[39m=[32m"
                flex items-center gap-2 px-1 py-3 text-sm 
font-medium border-b-2 transition-colors
                border-primary-500 text-primary-600
              "[39m
          [36m>[39m
            [36m<svg[39m
              [33mclass[39m=[32m"lucide lucide-building 
h-4 w-4"[39m
              [33mfill[39m=[32m"none"[39m
              [33mheight[39m=[32m"24"[39m
              [33mstroke[39m=[32m"currentColor"[39m
              [33mstroke-linecap[39m=[32m"round"[39m
              [33mstroke-linejoin[39m=[32m"round"[39m
              [33mstroke-width[39m=[32m"2"[39m
              [33mviewBox[39m=[32m"0 0 24 24"[39m
              [33mwidth[39m=[32m"24"[39m
              
[33mxmlns[39m=[32m"http://www.w3.org/2000/svg"[39m
            [36m>[39m
              [36m<rect[39m
                [33mheight[39m=[32m"20"[39m
                [33mrx[39m=[32m"2"[39m
                [33mry[39m=[32m"2"[39m
                [33mwidth[39m=[32m"16"[39m
                [33mx[39m=[32m"4"[39m
                [33my[39m=[32m"2"[39m
              [36m/>[39m
              [36m<path[39m
                [33md[39m=[32m"M9 22v-4h6v4"[39m
              [36m/>[39m
              [36m<path[39m
                [33md[39m=[32m"M8 6h.01"[39m
              [36m/>[39m
              [36m<path[39m
                [33md[39m=[32m"M16 6h.01"[39m
              [36m/>[39m
              [36m<path[39m
                [33md[39m=[32m"M12 6h.01"[39m
              [36m/>[39m
              [36m<path[39m
                [33md[39m=[32m"M12 10h.01"[39m
              [36m/>[39m
              [36m<path[39m
                [33md[39m=[32m"M12 14h.01"[39m
              [36m/>[39m
              [36m<path[39m
                [33md[39m=[32m"M16 10h.01"[39m
              [36m/>[39m
              [36m<path[39m
                [33md[39m=[32m"M16 14h.01"[39m
              [36m/>[39m
              [36m<path[39m
                [33md[39m=[32m"M8 10h.01"[39m
              [36m/>[39m
              [36m<path[39m
                [33md[39m=[32m"M8 14h.01"[39m
              [36m/>[39m
            [36m</svg>[39m
            [0mOrganization[0m
          [36m</button>[39m
        [36m</nav>[39m
      [36m</div>[39m
      [36m<div[39m
        [33mclass[39m=[32m"max-w-xl space-y-6"[39m
      [36m>[39m
        [36m<div>[39m
          [36m<h2[39m
            [33mclass[39m=[32m"text-lg 
font-semibold"[39m
          [36m>[39m
            [0mOrganization[0m
          [36m</h2>[39m
          [36m<p[39m
            [33mclass[39m=[32m"text-sm text-gray-600 
mt-1"[39m
          [36m>[39m
            [0mManage your organization settings[0m
          [36m</p>[39m
        [36m</div>[39m
        [36m<div[39m
          [33mclass[39m=[32m"
        bg-white dark:bg-[var(--card)] rounded-lg border 
border-gray-200 dark:border-gray-700 shadow-sm
        p-4 sm:p-6
        
        
        
      "[39m
        [36m>[39m
          [36m<div[39m
            [33mclass[39m=[32m"space-y-4"[39m
          [36m>[39m
            [36m<div[39m
              [33mclass[39m=[32m"w-full "[39m
            [36m>[39m
              [36m<label[39m
                [33mclass[39m=[32m"block text-sm 
font-medium text-gray-700 mb-1"[39m
              [36m>[39m
                [0mOrganization Name[0m
              [36m</label>[39m
              [36m<div[39m
                [33mclass[39m=[32m"relative"[39m
              [36m>[39m
                [36m<input[39m
                  
[33maria-describedby[39m=[32m"undefined-helper"[39m
                  [33maria-invalid[39m=[32m"false"[39m
                  [33mclass[39m=[32m"
            block border rounded-md shadow-sm
            placeholder-gray-400
            focus:outline-none focus:ring-2 
focus:ring-offset-0
            disabled:bg-gray-100 
disabled:cursor-not-allowed
            transition-colors duration-200
            dark:bg-[var(--card-soft)] 
dark:border-gray-700 dark:text-gray-200
            shadow-sm
            px-3 py-2 text-sm
            w-full
            
            
            border-gray-300 focus:ring-primary-500 
focus:border-primary-500
            
          "[39m
                  [33mdisabled[39m=[32m""[39m
                  [33mvalue[39m=[32m""[39m
                [36m/>[39m
              [36m</div>[39m
              [36m<p[39m
                [33mclass[39m=[32m"mt-1 text-sm 
text-gray-500"[39m
                [33mid[39m=[32m"undefined-helper"[39m
              [36m>[39m
                [0mContact support to change your 
organization name[0m
              [36m</p>[39m
            [36m</div>[39m
            [36m<div[39m
              [33mclass[39m=[32m"w-full "[39m
            [36m>[39m
              [36m<label[39m
                [33mclass[39m=[32m"block text-sm 
font-medium text-gray-700 mb-1"[39m
              [36m>[39m
                [0mOrganization ID[0m
              [36m</label>[39m
              [36m<div[39m
                [33mclass[39m=[32m"relative"[39m
              [36m>[39m
                [36m<input[39m
                  [33maria-invalid[39m=[32m"false"[39m
                  [33mclass[39m=[32m"
            block border rounded-md shadow-sm
            placeholder-gray-400
            focus:outline-none focus:ring-2 
focus:ring-offset-0
            disabled:bg-gray-100 
disabled:cursor-not-allowed
            transition-colors duration-200
            dark:bg-[var(--card-soft)] 
dark:border-gray-700 dark:text-gray-200
            shadow-sm
            px-3 py-2 text-sm
            w-full
            
            
            border-gray-300 focus:ring-primary-500 
focus:border-primary-500
            font-mono text-sm
          "[39m
                  [33mdisabled[39m=[32m""[39m
                  [33mvalue[39m=[32m""[39m
                [36m/>[39m
              [36m</div>[39m
            [36m</div>[39m
          [36m</div>[39m
        [36m</div>[39m
        [36m<div[39m
          [33mclass[39m=[32m"
        bg-white dark:bg-[var(--card)] rounded-lg border 
border-gray-200 dark:border-gray-700 shadow-sm
        p-4 sm:p-6
        
        
        
      "[39m
        [36m>[39m
          [36m<div[39m
            [33mclass[39m=[32m"
        flex items-center justify-between
        pb-4 mb-4 border-b border-gray-200
        
      "[39m
          [36m>[39m
            [36m<div[39m
              [33mclass[39m=[32m"flex-1"[39m
            [36m>[39m
              [36m<h3[39m
                [33mclass[39m=[32m"text-lg 
font-semibold text-gray-900 dark:text-gray-100 "[39m
              [36m>[39m
                [0mTeam Members[0m
              [36m</h3>[39m
              [36m<p[39m
                [33mclass[39m=[32m"text-sm 
text-gray-500 dark:text-gray-300 mt-1 "[39m
              [36m>[39m
                [0mManage who has access to your 
organization[0m
              [36m</p>[39m
            [36m</div>[39m
          [36m</div>[39m
          [36m<p[39m
            [33mclass[39m=[32m"text-sm 
text-gray-500"[39m
          [36m>[39m
            [0mTeam management coming soon. Currently 
supports up to 5 team members.[0m
          [36m</p>[39m
        [36m</div>[39m
      [36m</div>[39m
    [36m</div>[39m
  [36m</div>[39m
[36m</body>[39m

Ignored nodes: comments, script, style
[36m<body>[39m
  [36m<div>[39m
    [36m<div[39m
      [33mclass[39m=[32m"space-y-6"[39m
    [36m>[39m
      [36m<div>[39m
        [36m<h1[39m
          [33mclass[39m=[32m"text-2xl font-bold 
text-gray-900"[39m
        [36m>[39m
          [0mSettings[0m
        [36m</h1>[39m
        [36m<p[39m
          [33mclass[39m=[32m"text-gray-600 
dark:text-gray-300 mt-1"[39m
        [36m>[39m
          [0mManage your AI providers, prompts, and 
account settings[0m
        [36m</p>[39m
      [36m</div>[39m
      [36m<div[39m
        [33mclass[39m=[32m"border-b 
border-gray-200"[39m
      [36m>[39m
        [36m<nav[39m
          [33mclass[39m=[32m"flex gap-4 -mb-px"[39m
        [36m>[39m
          [36m<button[39m
            [33mclass[39m=[32m"
                flex items-center gap-2 px-1 py-3 text-sm 
font-medium border-b-2 transition-colors
                border-transparent text-gray-500 
hover:text-gray-700 hover:border-gray-300
              "[39m
          [36m>[39m
            [36m<svg[39m
              [33mclass[39m=[32m"lucide lucide-bot h-4 
w-4"[39m
              [33mfill[39m=[32m"none"[39m
              [33mheight[39m=[32m"24"[39m
              [33mstroke[39m=[32m"currentColor"[39m
              [33mstroke-linecap[39m=[32m"round"[39m
              [33mstroke-linejoin[39m=[32m"round"[39m
              [33mstroke-width[39m=[32m"2"[39m
              [33mviewBox[39m=[32m"0 0 24 24"[39m
              [33mwidth[39m=[32m"24"[39m
              
[33mxmlns[39m=[32m"http://www.w3.org/2000/svg"[39m
            [36m>[39m
              [36m<path[39m
                [33md[39m=[32m"M12 8V4H8"[39m
              [36m/>[39m
              [36m<rect[39m
                [33mheight[39m=[32m"12"[39m
                [33mrx[39m=[32m"2"[39m
                [33mwidth[39m=[32m"16"[39m
                [33mx[39m=[32m"4"[39m
                [33my[39m=[32m"8"[39m
              [36m/>[39m
              [36m<path[39m
                [33md[39m=[32m"M2 14h2"[39m
              [36m/>[39m
              [36m<path[39m
                [33md[39m=[32m"M20 14h2"[39m
              [36m/>[39m
              [36m<path[39m
                [33md[39m=[32m"M15 13v2"[39m
              [36m/>[39m
              [36m<path[39m
                [33md[39m=[32m"M9 13v2"[39m
              [36m/>[39m
            [36m</svg>[39m
            [0mAI Providers[0m
          [36m</button>[39m
          [36m<button[39m
            [33mclass[39m=[32m"
                flex items-center gap-2 px-1 py-3 text-sm 
font-medium border-b-2 transition-colors
                border-transparent text-gray-500 
hover:text-gray-700 hover:border-gray-300
              "[39m
          [36m>[39m
            [36m<svg[39m
              [33mclass[39m=[32m"lucide 
lucide-message-square h-4 w-4"[39m
              [33mfill[39m=[32m"none"[39m
              [33mheight[39m=[32m"24"[39m
              [33mstroke[39m=[32m"currentColor"[39m
              [33mstroke-linecap[39m=[32m"round"[39m
              [33mstroke-linejoin[39m=[32m"round"[39m
              [33mstroke-width[39m=[32m"2"[39m
              [33mviewBox[39m=[32m"0 0 24 24"[39m
              [33mwidth[39m=[32m"24"[39m
              
[33mxmlns[39m=[32m"http://www.w3.org/2000/svg"[39m
            [36m>[39m
              [36m<path[39m
                [33md[39m=[32m"M21 15a2 2 0 0 1-2 
2H7l-4 4V5a2 2 0 0 1 2-2h14a2 2 0 0 1 2 2z"[39m
              [36m/>[39m
            [36m</svg>[39m
            [0mPlatform Prompts[0m
          [36m</button>[39m
          [36m<button[39m
            [33mclass[39m=[32m"
                flex items-center gap-2 px-1 py-3 text-sm 
font-medium border-b-2 transition-colors
                border-transparent text-gray-500 
hover:text-gray-700 hover:border-gray-300
              "[39m
          [36m>[39m
            [36m<svg[39m
              [33mclass[39m=[32m"lucide lucide-user h-4 
w-4"[39m
              [33mfill[39m=[32m"none"[39m
              [33mheight[39m=[32m"24"[39m
              [33mstroke[39m=[32m"currentColor"[39m
              [33mstroke-linecap[39m=[32m"round"[39m
              [33mstroke-linejoin[39m=[32m"round"[39m
              [33mstroke-width[39m=[32m"2"[39m
              [33mviewBox[39m=[32m"0 0 24 24"[39m
              [33mwidth[39m=[32m"24"[39m
              
[33mxmlns[39m=[32m"http://www.w3.org/2000/svg"[39m
            [36m>[39m
              [36m<path[39m
                [33md[39m=[32m"M19 21v-2a4 4 0 0 
0-4-4H9a4 4 0 0 0-4 4v2"[39m
              [36m/>[39m
              [36m<circle[39m
                [33mcx[39m=[32m"12"[39m
                [33mcy[39m=[32m"7"[39m
                [33mr[39m=[32m"4"[39m
              [36m/>[39m
            [36m</svg>[39m
            [0mProfile[0m
          [36m</button>[39m
          [36m<button[39m
            [33mclass[39m=[32m"
                flex items-center gap-2 px-1 py-3 text-sm 
font-medium border-b-2 transition-colors
                border-primary-500 text-primary-600
              "[39m
          [36m>[39m
            [36m<svg[39m
              [33mclass[39m=[32m"lucide lucide-building 
h-4 w-4"[39m
              [33mfill[39m=[32m"none"[39m
              [33mheight[39m=[32m"24"[39m
              [33mstroke[39m=[32m"currentColor"[39m
              [33mstroke-linecap[39m=[32m"round"[39m
              [33mstroke-linejoin[39m=[32m"round"[39m
              [33mstroke-width[39m=[32m"2"[39m
              [33mviewBox[39m=[32m"0 0 24 24"[39m
              [33mwidth[39m=[32m"24"[39m
              
[33mxmlns[39m=[32m"http://www.w3.org/2000/svg"[39m
            [36m>[39m
              [36m<rect[39m
                [33mheight[39m=[32m"20"[39m
                [33mrx[39m=[32m"2"[39m
                [33mry[39m=[32m"2"[39m
                [33mwidth[39m=[32m"16"[39m
                [33mx[39m=[32m"4"[39m
                [33my[39m=[32m"2"[39m
              [36m/>[39m
              [36m<path[39m
                [33md[39m=[32m"M9 22v-4h6v4"[39m
              [36m/>[39m
              [36m<path[39m
                [33md[39m=[32m"M8 6h.01"[39m
              [36m/>[39m
              [36m<path[39m
                [33md[39m=[32m"M16 6h.01"[39m
              [36m/>[39m
              [36m<path[39m
                [33md[39m=[32m"M12 6h.01"[39m
              [36m/>[39m
              [36m<path[39m
                [33md[39m=[32m"M12 10h.01"[39m
              [36m/>[39m
              [36m<path[39m
                [33md[39m=[32m"M12 14h.01"[39m
              [36m/>[39m
              [36m<path[39m
                [33md[39m=[32m"M16 10h.01"[39m
              [36m/>[39m
              [36m<path[39m
                [33md[39m=[32m"M16 14h.01"[39m
              [36m/>[39m
              [36m<path[39m
                [33md[39m=[32m"M8 10h.01"[39m
              [36m/>[39m
              [36m<path[39m
                [33md[39m=[32m"M8 14h.01"[39m
              [36m/>[39m
            [36m</svg>[39m
            [0mOrganization[0m
          [36m</button>[39m
        [36m</nav>[39m
      [36m</div>[39m
      [36m<div[39m
        [33mclass[39m=[32m"max-w-xl space-y-6"[39m
      [36m>[39m
        [36m<div>[39m
          [36m<h2[39m
            [33mclass[39m=[32m"text-lg 
font-semibold"[39m
          [36m>[39m
            [0mOrganization[0m
          [36m</h2>[39m
          [36m<p[39m
            [33mclass[39m=[32m"text-sm text-gray-600 
mt-1"[39m
          [36m>[39m
            [0mManage your organization settings[0m
          [36m</p>[39m
        [36m</div>[39m
        [36m<div[39m
          [33mclass[39m=[32m"
        bg-white dark:bg-[var(--card)] rounded-lg border 
border-gray-200 dark:border-gray-700 shadow-sm
        p-4 sm:p-6
        
        
        
      "[39m
        [36m>[39m
          [36m<div[39m
            [33mclass[39m=[32m"space-y-4"[39m
          [36m>[39m
            [36m<div[39m
              [33mclass[39m=[32m"w-full "[39m
            [36m>[39m
              [36m<label[39m
                [33mclass[39m=[32m"block text-sm 
font-medium text-gray-700 mb-1"[39m
              [36m>[39m
                [0mOrganization Name[0m
              [36m</label>[39m
              [36m<div[39m
                [33mclass[39m=[32m"relative"[39m
              [36m>[39m
                [36m<input[39m
                  
[33maria-describedby[39m=[32m"undefined-helper"[39m
                  [33maria-invalid[39m=[32m"false"[39m
                  [33mclass[39m=[32m"
            block border rounded-md shadow-sm
            placeholder-gray-400
            focus:outline-none focus:ring-2 
focus:ring-offset-0
            disabled:bg-gray-100 
disabled:cursor-not-allowed
            transition-colors duration-200
            dark:bg-[var(--card-soft)] 
dark:border-gray-700 dark:text-gray-200
            shadow-sm
            px-3 py-2 text-sm
            w-full
            
            
            border-gray-300 focus:ring-primary-500 
focus:border-primary-500
            
          "[39m
                  [33mdisabled[39m=[32m""[39m
                  [33mvalue[39m=[32m""[39m
                [36m/>[39m
              [36m</div>[39m
              [36m<p[39m
                [33mclass[39m=[32m"mt-1 text-sm 
text-gray-500"[39m
                [33mid[39m=[32m"undefined-helper"[39m
              [36m>[39m
                [0mContact support to change your 
organization name[0m
              [36m</p>[39m
            [36m</div>[39m
            [36m<div[39m
              [33mclass[39m=[32m"w-full "[39m
            [36m>[39m
              [36m<label[39m
                [33mclass[39m=[32m"block text-sm 
font-medium text-gray-700 mb-1"[39m
              [36m>[39m
                [0mOrganization ID[0m
              [36m</label>[39m
              [36m<div[39m
                [33mclass[39m=[32m"relative"[39m
              [36m>[39m
                [36m<input[39m
                  [33maria-invalid[39m=[32m"false"[39m
                  [33mclass[39m=[32m"
            block border rounded-md shadow-sm
            placeholder-gray-400
            focus:outline-none focus:ring-2 
focus:ring-offset-0
            disabled:bg-gray-100 
disabled:cursor-not-allowed
            transition-colors duration-200
            dark:bg-[var(--card-soft)] 
dark:border-gray-700 dark:text-gray-200
            shadow-sm
            px-3 py-2 text-sm
            w-full
            
            
            border-gray-300 focus:ring-primary-500 
focus:border-primary-500
            font-mono text-sm
          "[39m
                  [33mdisabled[39m=[32m""[39m
                  [33mvalue[39m=[32m""[39m
                [36m/>[39m
              [36m</div>[39m
            [36m</div>[39m
          [36m</div>[39m
        [36m</div>[39m
        [36m<div[39m
          [33mclass[39m=[32m"
        bg-white dark:bg-[var(--card)] rounded-lg border 
border-gray-200 dark:border-gray-700 shadow-sm
        p-4 sm:p-6
        
        
        
      "[39m
        [36m>[39m
          [36m<div[39m
            [33mclass[39m=[32m"
        flex items-center justify-between
        pb-4 mb-4 border-b border-gray-200
        
      "[39m
          [36m>[39m
            [36m<div[39m
              [33mclass[39m=[32m"flex-1"[39m
            [36m>[39m
              [36m<h3[39m
                [33mclass[39m=[32m"text-lg 
font-semibold text-gray-900 dark:text-gray-100 "[39m
              [36m>[39m
                [0mTeam Members[0m
              [36m</h3>[39m
              [36m<p[39m
                [33mclass[39m=[32m"text-sm 
text-gray-500 dark:text-gray-300 mt-1 "[39m
              [36m>[39m
                [0mManage who has access to your 
organization[0m
              [36m</p>[39m
            [36m</div>[39m
          [36m</div>[39m
          [36m<p[39m
            [33mclass[39m=[32m"text-sm 
text-gray-500"[39m
          [36m>[39m
            [0mTeam management coming soon. Currently 
supports up to 5 team members.[0m
          [36m</p>[39m
        [36m</div>[39m
      [36m</div>[39m
    [36m</div>[39m
  [36m</div>[39m
[36m</body>[39m
[90m [2mΓ¥»[22m waitForWrapper ../node_modules/@testing-
library/dom/dist/wait-for.js:[2m163:27[22m[39m
[90m [2mΓ¥»[22m ../node_modules/@testing-library/dom/dis
t/query-helpers.js:[2m86:33[22m[39m
[36m [2mΓ¥»[22m pages/__tests__/OrganizationTab.test.jsx
:[2m54:18[22m[39m
    [90m 52| [39m
    [90m 53| [39m    [90m// Wait for member to 
appear[39m
    [90m 54| [39m    [35mawait[39m screen[33m.[39m[3
4mfindByText[39m([32m'member@example.com'[39m)[33m;[39
m
    [90m   | [39m                 [31m^[39m
[2m  Snapshots [22m [1m[33m1 obsolete[39m[22m
[2m            [22m [90mΓå│[39m [2mpages/__tests__/[22m[1mLogin[22m[2m.test.jsx[22m
[2m            [22m   [90m┬╖[39m Login > matches snapshot 1
    [90m 55| [39m
    [90m 56| [39m    [90m// Setup user after render so 
DOM is ready[39m

[31m[2mΓÄ»ΓÄ»ΓÄ»ΓÄ»ΓÄ»ΓÄ»ΓÄ»ΓÄ»ΓÄ»ΓÄ»ΓÄ»ΓÄ»ΓÄ»ΓÄ»ΓÄ»ΓÄ»ΓÄ
»ΓÄ»ΓÄ»ΓÄ»ΓÄ»ΓÄ»ΓÄ»ΓÄ»[1/2]ΓÄ»[22m[39m

[31m[1m[7m FAIL [27m[22m[39m 
pages/__tests__/OrganizationTab.test.jsx[2m > 
[22mOrganization Team Members[2m > [22mallows an owner 
to remove a member
[31m[1mSyntaxError[22m: Unexpected token '!=='[39m
[90m [2mΓ¥»[22m TracingChannel.traceSync 
../node:diagnostics_channel:[2m322:14[22m[39m

[31m[2mΓÄ»ΓÄ»ΓÄ»ΓÄ»ΓÄ»ΓÄ»ΓÄ»ΓÄ»ΓÄ»ΓÄ»ΓÄ»ΓÄ»ΓÄ»ΓÄ»ΓÄ»ΓÄ»ΓÄ
»ΓÄ»ΓÄ»ΓÄ»ΓÄ»ΓÄ»ΓÄ»ΓÄ»[2/2]ΓÄ»[22m[39m


[2m Test Files [22m [1m[31m1 failed[39m[22m[2m | [22m[1m[32m5 passed[39m[22m[90m (6)[39m
[2m      Tests [22m [1m[31m2 failed[39m[22m[2m | [22m[1m[32m12 passed[39m[22m[90m (14)[39m
[2m   Start at [22m 15:01:43
[2m   Duration [22m 8.59s[2m (transform 2.50s, setup 0ms, collect 13.28s, tests 2.88s, environment 12.52s, prepare 3.68s)[22m

